export interface SimpleClass {
  serializedType: number;
  ignoredType: number;
}


---
