export interface SimpleClass {
  serializedType: number;
}


---
