export interface TypeWithCustomValueTypeProp {
  testStructProp: TestStruct;
}
export interface TestStruct {
  intProp: number;
}

