export interface TypeWithPrivateProperties {
  publicGuidProp: string;
}

