declare module 'Api' {
  export interface TestTypeWithFields {
  }
}
