export interface TestTypeWithFieldsAndProps {
  stringProp: string;
}

