export interface SimpleTypesOnly {
  intType: number;
  longType: number;
  stringType: string;
  decimalType: number;
}

