export interface TestTypeWithFields {
  stringField: string;
  intField: number;
}

