export interface TypeWithNestedNullable {
  nestedThing: NestedType;
}
export interface NestedType {
  nullableInt: number | null;
  nullableDateTime: string;
}

