export interface TypeWithEnumerableProp {
  enumerableProp: number[];
}

