export interface TypeWithPropThatInheritsFromIEnumerable {
  derivedFromList: number[];
}

