export interface TypeWithArrayProp {
  arrayProp: string[];
}

