export interface TypeWithDictionaryAndEnumPropAsValue {
  enumDictionary: { [key: string]: 'FirstValue' | 'SecondValue' | 'ThirdValue' };
}


---
enum TestEnum {
  FirstValue = 'FirstValue',
  SecondValue = 'SecondValue',
  ThirdValue = 'ThirdValue',
}
