export interface TypeWithComplexDictionaryValue {
  dictProp: { [key: number]: ComplexType };
}
export interface ComplexType {
  aProp: string;
}

