export interface TypeWithCustomDictionaryProp {
  dictProp: { [key: string]: number };
}


---
