export interface TypeWithDictionaryProp {
  dictProp: { [key: string]: number };
}

