export interface TypeWithGenericArguments extends BaseType<Alpha, Beta> {
}
export interface BaseType<T1, T2> {
}

