export interface TypeWithValuedEnum {
  enumWithValueProp: 'First' | 'Second' | 'Third';
}


---
enum EnumType {
  First = 'First',
  Second = 'Second',
  Third = 'Third',
}
