export interface TypeWithEnum {
  anEnum: 'FirstEnum' | 'SecondEnum' | 'ThirdEnum';
}


---
enum EnumType {
  FirstEnum = 'FirstEnum',
  SecondEnum = 'SecondEnum',
  ThirdEnum = 'ThirdEnum',
}
