// Source: Typescript.Tests.Enums.EnumGeneratorTests+TypeTwoWithEnum
export interface TypeTwoWithEnum {
  anEnum: 'FirstEnum' | 'SecondEnum' | 'ThirdEnum';
}
// Source: Typescript.Tests.Enums.EnumGeneratorTests+TypeOneWithEnum
export interface TypeOneWithEnum {
  anEnum: 'FirstEnum' | 'SecondEnum' | 'ThirdEnum';
}


---
// Source: Typescript.Tests.Enums.EnumGeneratorTests+SharedEnumType
enum SharedEnumType {
  FirstEnum = 'FirstEnum',
  SecondEnum = 'SecondEnum',
  ThirdEnum = 'ThirdEnum',
}
