export interface TypeWithNullableEnum {
  nullableEnumProp: 'FirstEnum' | 'SecondEnum' | 'ThirdEnum' | null;
}


---
enum EnumType {
  FirstEnum = 'FirstEnum',
  SecondEnum = 'SecondEnum',
  ThirdEnum = 'ThirdEnum',
}
