export interface TypeTwoWithEnum {
  anEnum: 'FirstEnum' | 'SecondEnum' | 'ThirdEnum';
}
export interface TypeOneWithEnum {
  anEnum: 'FirstEnum' | 'SecondEnum' | 'ThirdEnum';
}


---
enum SharedEnumType {
  FirstEnum = 'FirstEnum',
  SecondEnum = 'SecondEnum',
  ThirdEnum = 'ThirdEnum',
}
