export interface TypeWithBaseClass extends BaseClass {
}
export interface BaseClass {
  property: string;
}

